<html>
<body>
<pre>
<h1>µVision Build Log</h1>
<h2>Tool Versions:</h2>
IDE-Version: ¦ÌVision V5.26.2.0
Copyright (C) 2018 ARM Ltd and ARM Germany GmbH. All rights reserved.
License Information: SKL HP, MT, LIC=ZB4HL-04HPS-743S0-B6FJB-W5ZIY-JSTVE
 
Tool Versions:
Toolchain:       MDK-ARM Plus  Version: 5.26.2.0
Toolchain Path:  D:\Keil_v5\ARM\ARMCC\Bin
C Compiler:      Armcc.exe V5.06 update 6 (build 750)
Assembler:       Armasm.exe V5.06 update 6 (build 750)
Linker/Locator:  ArmLink.exe V5.06 update 6 (build 750)
Library Manager: ArmAr.exe V5.06 update 6 (build 750)
Hex Converter:   FromElf.exe V5.06 update 6 (build 750)
CPU DLL:         SARMCM3.DLL V5.26.2.0
Dialog DLL:      DCM.DLL V1.17.2.0
Target DLL:      STLink\ST-LINKIII-KEIL_SWO.dll V3.0.5.0
Dialog DLL:      TCM.DLL V1.36.1.0
 
<h2>Project:</h2>
C:\Desktop\code\11250 based control\MDK\Project.uvprojx
Project File Date:  12/07/2019

<h2>Output:</h2>
*** Using Compiler 'V5.06 update 6 (build 750)', folder: 'D:\Keil_v5\ARM\ARMCC\Bin'
Build target 'Project'
compiling Main.c...
..\Source\APP\Main.c(54): warning:  #177-D: variable "begintime"  was declared but never referenced
  	int begintime,endtime;
..\Source\APP\Main.c(54): warning:  #177-D: variable "endtime"  was declared but never referenced
  	int begintime,endtime;
..\Source\APP\Main.c(55): warning:  #177-D: variable "i"  was declared but never referenced
  	int i = 0;
..\Source\APP\Main.c(56): warning:  #177-D: variable "a"  was declared but never referenced
  	int a[1002];
..\Source\APP\Main.c(86): warning:  #177-D: variable "i"  was declared but never referenced
  	int i = 0;
..\Source\APP\Main.c(87): warning:  #177-D: variable "a"  was declared but never referenced
  	int a[1002];
..\Source\APP\Main.c(147): warning:  #177-D: variable "total"  was declared but never referenced
  	u32 total,free;
..\Source\APP\Main.c(147): warning:  #177-D: variable "free"  was declared but never referenced
  	u32 total,free;
..\Source\APP\Main.c(148): warning:  #177-D: variable "t"  was declared but never referenced
  	u8 t=0;	
..\Source\APP\Main.c(149): warning:  #177-D: variable "res"  was declared but never referenced
  	u8 res=0;	
..\Source\APP\Main.c(150): warning:  #177-D: variable "Angle1"  was declared but never referenced
  	double Angle1[5],Angle[5],w[5];
..\Source\APP\Main.c(150): warning:  #177-D: variable "Angle"  was declared but never referenced
  	double Angle1[5],Angle[5],w[5];
..\Source\APP\Main.c(150): warning:  #177-D: variable "w"  was declared but never referenced
  	double Angle1[5],Angle[5],w[5];
..\Source\APP\Main.c(151): warning:  #177-D: variable "chrTemp"  was declared but never referenced
  	unsigned char chrTemp[32];
..\Source\APP\Main.c(154): warning:  #177-D: variable "key"  was declared but never referenced
  	u8 key;
..\Source\APP\Main.c(184): warning:  #177-D: variable "n"  was declared but never referenced
  		  int n = 0;
..\Source\APP\Main.c(222): warning:  #177-D: variable "hidden_length"  was declared but never referenced
  int hidden_length=10;
..\Source\APP\Main.c(223): warning:  #177-D: variable "out_length"  was declared but never referenced
  int out_length=7;
..\Source\APP\Main.c(243): warning:  #177-D: variable "sum"  was declared but never referenced
  			float sum[10]={0};
..\Source\APP\Main.c: 19 warnings, 0 errors
linking...
Program Size: Code=33328 RO-data=7280 RW-data=272 ZI-data=2272  
FromELF: creating hex file...
".\Obj\Project.axf" - 0 Error(s), 19 Warning(s).

<h2>Software Packages used:</h2>

Package Vendor: ARM
                http://www.keil.com/pack/ARM.CMSIS.5.4.0.pack
                ARM.CMSIS.5.4.0
                CMSIS (Cortex Microcontroller Software Interface Standard)
   * Component: CORE Version: 5.1.2

Package Vendor: Keil
                http://www.keil.com/pack/Keil.STM32F4xx_DFP.2.13.0.pack
                Keil.STM32F4xx_DFP.2.13.0
                STMicroelectronics STM32F4 Series Device Support, Drivers and Examples

<h2>Collection of Component include folders:</h2>
  .\RTE\_Project
  D:\Keil_v5\ARM\PACK\ARM\CMSIS\5.4.0\CMSIS\Core\Include
  D:\Keil_v5\ARM\PACK\Keil\STM32F4xx_DFP\2.13.0\Drivers\CMSIS\Device\ST\STM32F4xx\Include

<h2>Collection of Component Files used:</h2>

   * Component: ARM::CMSIS:CORE:5.1.2
Build Time Elapsed:  00:00:02
</pre>
</body>
</html>
